   Compiling serde v1.0.228
   Compiling zstd-sys v2.0.11+zstd.1.5.6
   Compiling rayon-core v1.12.1
   Compiling subtle v2.6.1
   Compiling rustls v0.23.28
   Compiling lazy_static v1.5.0
   Compiling generic-array v0.14.7
   Compiling futures-channel v0.3.31
   Compiling slab v0.4.9
   Compiling bitflags v1.3.2
   Compiling adler v1.0.2
   Compiling httparse v1.10.1
   Compiling lazycell v1.3.0
   Compiling miniz_oxide v0.7.4
   Compiling futures-task v0.3.31
   Compiling futures-io v0.3.31
   Compiling peeking_take_while v0.1.2
   Compiling native-tls v0.2.12
   Compiling rustc-hash v1.1.0
   Compiling bytes v1.10.1
   Compiling futures-util v0.3.31
   Compiling atty v0.2.14
   Compiling crc32fast v1.4.2
   Compiling autocfg v0.1.8
   Compiling unicode-width v0.1.13
   Compiling humantime v2.1.0
   Compiling rand_core v0.4.2
   Compiling crypto-common v0.1.6
   Compiling flate2 v1.0.30
   Compiling textwrap v0.11.0
   Compiling termcolor v1.4.1
   Compiling thiserror v1.0.61
   Compiling windows_x86_64_msvc v0.48.5
   Compiling tokio v1.44.2
   Compiling strsim v0.8.0
   Compiling bindgen v0.59.2
   Compiling itoa v1.0.11
   Compiling vec_map v0.8.2
   Compiling windows-link v0.1.1
   Compiling clap v2.34.0
   Compiling env_logger v0.9.3
   Compiling byteorder v1.5.0
   Compiling proc-macro2 v0.4.30
   Compiling protobuf v3.7.2
   Compiling windows-targets v0.48.5
   Compiling block-buffer v0.10.4
   Compiling anyhow v1.0.98
   Compiling same-file v1.0.6
   Compiling rustls-pki-types v1.11.0
   Compiling fnv v1.0.7
   Compiling hashbrown v0.14.5
   Compiling unicode-xid v0.1.0
   Compiling equivalent v1.0.1
   Compiling bytemuck v1.23.2
   Compiling ppv-lite86 v0.2.17
   Compiling http v1.3.1
   Compiling indexmap v2.2.6
   Compiling walkdir v2.5.0
   Compiling digest v0.10.7
   Compiling rand_core v0.3.1
   Compiling thiserror v2.0.17
   Compiling crossbeam-epoch v0.9.18
   Compiling ring v0.17.14
   Compiling rand_core v0.6.4
   Compiling num-traits v0.2.19
   Compiling either v1.13.0
   Compiling syn v0.15.44
   Compiling cpufeatures v0.2.12
   Compiling crossbeam-deque v0.8.5
   Compiling libsodium-sys v0.2.7
   Compiling quote v0.6.13
   Compiling protobuf-support v3.7.2
   Compiling getrandom v0.3.2
   Compiling fastrand v2.1.0
   Compiling ntapi v0.4.1
   Compiling percent-encoding v2.3.1
   Compiling zstd-safe v7.1.0
   Compiling untrusted v0.9.0
   Compiling tempfile v3.10.1
   Compiling rand_chacha v0.1.1
   Compiling rand_pcg v0.1.2
   Compiling schannel v0.1.23
   Compiling serde_json v1.0.118
   Compiling tinyvec_macros v0.1.1
   Compiling tinyvec v1.6.1
   Compiling dlopen_derive v0.1.4
   Compiling machine-uid v0.3.0 (https://github.com/rustdesk-org/machine-uid#381ff579)
   Compiling rand v0.6.5
   Compiling fdeflate v0.3.4
   Compiling aho-corasick v1.1.3
   Compiling pin-project-internal v1.1.5
   Compiling backtrace v0.3.73
   Compiling rustls-webpki v0.103.3
   Compiling getrandom v0.2.15
   Compiling zeroize v1.8.1
   Compiling siphasher v0.2.3
   Compiling protobuf-parse v3.7.2
   Compiling regex-syntax v0.8.5
   Compiling protobuf-codegen v3.7.2
   Compiling regex-automata v0.4.9
   Compiling phf_shared v0.7.24
   Compiling png v0.17.13
   Compiling rayon v1.10.0
   Compiling sha1 v0.10.6
   Compiling rand_chacha v0.3.1
   Compiling rand_hc v0.1.0
   Compiling rand_xorshift v0.1.1
   Compiling rand_isaac v0.1.1
   Compiling windows-sys v0.48.0
   Compiling rand_jitter v0.1.4
   Compiling rand_os v0.1.3
   Compiling typenum v1.17.0
   Compiling crossbeam-utils v0.8.20
   Compiling pin-project-lite v0.2.14
   Compiling rand v0.8.5
   Compiling hbb_common v0.1.0 (C:\seedesktop\see-desk\libs\hbb_common)
   Compiling regex v1.11.1
   Compiling unicode-normalization v0.1.23
   Compiling form_urlencoded v1.2.1
   Compiling parking_lot_core v0.9.10
   Compiling lock_api v0.4.12
   Compiling smallvec v1.15.1
   Compiling unicode-bidi v0.3.15
   Compiling utf8parse v0.2.2
   Compiling scopeguard v1.2.0
   Compiling syn v1.0.109
   Compiling anstyle v1.0.13
   Compiling windows_x86_64_msvc v0.42.2
   Compiling anstyle-wincon v3.0.3
   Compiling idna v0.5.0
   Compiling anstyle-parse v0.2.4
   Compiling phf_generator v0.7.24
   Compiling rustls-native-certs v0.8.1
   Compiling rand_core v0.9.3
   Compiling chrono v0.4.41
   Compiling crossbeam-channel v0.5.13
   Compiling anstyle-query v1.1.0
   Compiling nasm-rs v0.3.0
   Compiling colorchoice v1.0.1
   Compiling is_terminal_polyfill v1.70.0
   Compiling dunce v1.0.5
   Compiling dasp_sample v0.11.0
   Compiling futures-sink v0.3.31
   Compiling base64 v0.22.1
   Compiling futures-core v0.3.31
   Compiling mozjpeg-sys v2.2.2
   Compiling anstream v0.6.14
   Compiling rand_chacha v0.9.0
   Compiling phf_codegen v0.7.24
   Compiling url v2.5.2
   Compiling parking_lot v0.12.3
   Compiling tokio-rustls v0.26.0
   Compiling tokio-native-tls v0.3.1
   Compiling tokio-util v0.7.15
   Compiling futures-executor v0.3.30
   Compiling sha2 v0.10.8
   Compiling windows-core v0.51.1
   Compiling bitflags v2.9.1
   Compiling dirs-sys-next v0.1.2
   Compiling mio v1.0.3
   Compiling socket2 v0.5.10
   Compiling async-recursion v1.1.1
